181.95.68.237 - - [02/Jul/2018:00:36:06 -0300] "GET /static/fonts/glyphicons-halflings-regular.ttf HTTP/1.1" 404 251 "http://desaludhablamos.com/static/css/bootstrap.min.css" "Mozilla/5.0 (Windows NT 6.1; WOW64) AppleWebKit/537.36 (KHTML, like Gecko) Chrome/67.0.3396.99 Safari/537.36"
181.95.68.237 - - [02/Jul/2018:00:36:06 -0300] "GET /static/img/iconos_bloque_sumate.png HTTP/1.1" 200 3472 "http://desaludhablamos.com/static/css/dsh.css" "Mozilla/5.0 (Windows NT 6.1; WOW64) AppleWebKit/537.36 (KHTML, like Gecko) Chrome/67.0.3396.99 Safari/537.36"
181.95.68.237 - - [02/Jul/2018:00:36:15 -0300] "GET /static/img/bg_destacado_dos.jpg HTTP/1.1" 200 130310 "http://desaludhablamos.com/static/css/dsh.css" "Mozilla/5.0 (Windows NT 6.1; WOW64) AppleWebKit/537.36 (KHTML, like Gecko) Chrome/67.0.3396.99 Safari/537.36"
181.95.68.237 - - [02/Jul/2018:00:36:20 -0300] "GET /login HTTP/1.1" 301 249 "http://desaludhablamos.com/" "Mozilla/5.0 (Windows NT 6.1; WOW64) AppleWebKit/537.36 (KHTML, like Gecko) Chrome/67.0.3396.99 Safari/537.36"
181.95.68.237 - - [02/Jul/2018:00:36:20 -0300] "GET /login/ HTTP/1.1" 200 26211 "http://desaludhablamos.com/" "Mozilla/5.0 (Windows NT 6.1; WOW64) AppleWebKit/537.36 (KHTML, like Gecko) Chrome/67.0.3396.99 Safari/537.36"
181.95.68.237 - - [02/Jul/2018:00:36:21 -0300] "GET /static/img/bg_destacado_cuatro.jpg HTTP/1.1" 200 46187 "http://desaludhablamos.com/static/css/dsh.css" "Mozilla/5.0 (Windows NT 6.1; WOW64) AppleWebKit/537.36 (KHTML, like Gecko) Chrome/67.0.3396.99 Safari/537.36"
181.95.68.237 - - [02/Jul/2018:00:36:22 -0300] "GET /static/img/bg_destacado_tres.jpg HTTP/1.1" 200 36022 "http://desaludhablamos.com/static/css/dsh.css" "Mozilla/5.0 (Windows NT 6.1; WOW64) AppleWebKit/537.36 (KHTML, like Gecko) Chrome/67.0.3396.99 Safari/537.36"
181.95.68.237 - - [02/Jul/2018:00:36:23 -0300] "GET /static/img_publicaciones/2018-04-22_6547_horoscope-639122_1920.jpg HTTP/1.1" 200 178318 "http://desaludhablamos.com/" "Mozilla/5.0 (Windows NT 6.1; WOW64) AppleWebKit/537.36 (KHTML, like Gecko) Chrome/67.0.3396.99 Safari/537.36"
181.95.68.237 - - [02/Jul/2018:00:36:24 -0300] "GET /static/css/font-awesome-4.6.3/fonts/fontawesome-webfont.woff2?v=4.7.0 HTTP/1.1" 200 77160 "http://desaludhablamos.com/static/css/font-awesome-4.6.3/css/font-awesome.min.css" "Mozilla/5.0 (Windows NT 6.1; WOW64) AppleWebKit/537.36 (KHTML, like Gecko) Chrome/67.0.3396.99 Safari/537.36"
181.95.68.237 - - [02/Jul/2018:00:36:28 -0300] "GET /static/img/bg_head_10.jpg HTTP/1.1" 200 98244 "http://desaludhablamos.com/static/css/dsh.css" "Mozilla/5.0 (Windows NT 6.1; WOW64) AppleWebKit/537.36 (KHTML, like Gecko) Chrome/67.0.3396.99 Safari/537.36"
181.95.68.237 - - [02/Jul/2018:00:36:37 -0300] "POST /login/ HTTP/1.1" 200 26478 "http://desaludhablamos.com/login/" "Mozilla/5.0 (Windows NT 6.1; WOW64) AppleWebKit/537.36 (KHTML, like Gecko) Chrome/67.0.3396.99 Safari/537.36"
181.95.68.237 - - [02/Jul/2018:00:36:38 -0300] "GET /static/img/bg_buscador.jpg HTTP/1.1" 200 63610 "http://desaludhablamos.com/static/css/dsh.css" "Mozilla/5.0 (Windows NT 6.1; WOW64) AppleWebKit/537.36 (KHTML, like Gecko) Chrome/67.0.3396.99 Safari/537.36"
181.95.68.237 - - [02/Jul/2018:00:37:08 -0300] "POST /login/ HTTP/1.1" 200 26198 "http://desaludhablamos.com/login/" "Mozilla/5.0 (Windows NT 6.1; WOW64) AppleWebKit/537.36 (KHTML, like Gecko) Chrome/67.0.3396.99 Safari/537.36"
181.95.68.237 - - [02/Jul/2018:00:37:13 -0300] "GET /static/img/favicon.png HTTP/1.1" 200 668 "http://desaludhablamos.com/login/" "Mozilla/5.0 (Windows NT 6.1; WOW64) AppleWebKit/537.36 (KHTML, like Gecko) Chrome/67.0.3396.99 Safari/537.36"
181.95.68.237 - - [02/Jul/2018:00:37:46 -0300] "POST /login/ HTTP/1.1" 200 26390 "http://desaludhablamos.com/login/" "Mozilla/5.0 (Windows NT 6.1; WOW64) AppleWebKit/537.36 (KHTML, like Gecko) Chrome/67.0.3396.99 Safari/537.36"
181.95.68.237 - - [02/Jul/2018:00:38:06 -0300] "POST /login/ HTTP/1.1" 200 26741 "http://desaludhablamos.com/login/" "Mozilla/5.0 (Windows NT 6.1; WOW64) AppleWebKit/537.36 (KHTML, like Gecko) Chrome/67.0.3396.99 Safari/537.36"
181.95.68.237 - - [02/Jul/2018:00:39:20 -0300] "POST /login/ HTTP/1.1" 200 26450 "http://desaludhablamos.com/login/" "Mozilla/5.0 (Windows NT 6.1; WOW64) AppleWebKit/537.36 (KHTML, like Gecko) Chrome/67.0.3396.99 Safari/537.36"
181.95.68.237 - - [02/Jul/2018:00:39:43 -0300] "POST /login/ HTTP/1.1" 200 26470 "http://desaludhablamos.com/login/" "Mozilla/5.0 (Windows NT 6.1; WOW64) AppleWebKit/537.36 (KHTML, like Gecko) Chrome/67.0.3396.99 Safari/537.36"
181.95.68.237 - - [02/Jul/2018:00:40:30 -0300] "GET /login/ HTTP/1.1" 200 26199 "http://desaludhablamos.com/" "Mozilla/5.0 (Windows NT 6.1; WOW64) AppleWebKit/537.36 (KHTML, like Gecko) Chrome/67.0.3396.99 Safari/537.36"
181.95.68.237 - - [02/Jul/2018:00:40:40 -0300] "POST /login/ HTTP/1.1" 200 26598 "http://desaludhablamos.com/login/" "Mozilla/5.0 (Windows NT 6.1; WOW64) AppleWebKit/537.36 (KHTML, like Gecko) Chrome/67.0.3396.99 Safari/537.36"
181.95.68.237 - - [02/Jul/2018:00:40:48 -0300] "GET /login/ HTTP/1.1" 200 26192 "http://desaludhablamos.com/login/" "Mozilla/5.0 (Windows NT 6.1; WOW64) AppleWebKit/537.36 (KHTML, like Gecko) Chrome/67.0.3396.99 Safari/537.36"
181.95.68.237 - - [02/Jul/2018:00:41:53 -0300] "POST /login/ HTTP/1.1" 200 26576 "http://desaludhablamos.com/login/" "Mozilla/5.0 (Windows NT 6.1; WOW64) AppleWebKit/537.36 (KHTML, like Gecko) Chrome/67.0.3396.99 Safari/537.36"
181.95.68.237 - - [02/Jul/2018:00:42:06 -0300] "POST /login/ HTTP/1.1" 200 26664 "http://desaludhablamos.com/login/" "Mozilla/5.0 (Windows NT 6.1; WOW64) AppleWebKit/537.36 (KHTML, like Gecko) Chrome/67.0.3396.99 Safari/537.36"
181.95.68.237 - - [02/Jul/2018:00:42:40 -0300] "POST /login/ HTTP/1.1" 200 26484 "http://desaludhablamos.com/login/" "Mozilla/5.0 (Windows NT 6.1; WOW64) AppleWebKit/537.36 (KHTML, like Gecko) Chrome/67.0.3396.99 Safari/537.36"
190.229.179.140 - - [02/Jul/2018:00:55:16 -0300] "GET /static/docs/2018-04-18_7073_0%C3%82%C2%BFChicos%20aburridos%20el%20problema%20de%20la%20motivaci%C3%83%C2%B3n%20en%20la%20escuela.pdf HTTP/1.1" 200 1440756 "-" "Dalvik/2.1.0 (Linux; U; Android 7.0; Moto G (5) Build/NPP25.137-15)"
52.53.201.78 - - [02/Jul/2018:01:01:10 -0300] "GET / HTTP/1.1" 200 42437 "-" "Mozilla/5.0 (Macintosh; Intel Mac OS X 10_12_6) AppleWebKit/537.36 (KHTML, like Gecko) Chrome/61.0.3163.100 Safari/537.36"
66.249.70.8 - - [02/Jul/2018:01:03:29 -0300] "GET / HTTP/1.1" 200 42421 "-" "Mozilla/5.0 (Linux; Android 6.0.1; Nexus 5X Build/MMB29P) AppleWebKit/537.36 (KHTML, like Gecko) Chrome/41.0.2272.96 Mobile Safari/537.36 (compatible; Googlebot/2.1; +http://www.google.com/bot.html)"
66.249.64.77 - - [02/Jul/2018:01:03:33 -0300] "GET / HTTP/1.1" 200 42460 "-" "Mozilla/5.0 (Linux; Android 6.0.1; Nexus 5X Build/MMB29P) AppleWebKit/537.36 (KHTML, like Gecko) Chrome/41.0.2272.96 Mobile Safari/537.36 (compatible; Googlebot/2.1; +http://www.google.com/bot.html)"
66.249.70.8 - - [02/Jul/2018:01:04:07 -0300] "GET /static/css/ie10-viewport-bug-workaround.css HTTP/1.1" 200 433 "http://desaludhablamos.com/" "Mozilla/5.0 (Linux; Android 6.0.1; Nexus 5X Build/MMB29P) AppleWebKit/537.36 (KHTML, like Gecko) Chrome/41.0.2272.96 Mobile Safari/537.36 (compatible; Googlebot/2.1; +http://www.google.com/bot.html)"
66.249.70.12 - - [02/Jul/2018:01:04:09 -0300] "GET /static/css/summernote.css HTTP/1.1" 200 16089 "http://desaludhablamos.com/" "Mozilla/5.0 (Linux; Android 6.0.1; Nexus 5X Build/MMB29P) AppleWebKit/537.36 (KHTML, like Gecko) Chrome/41.0.2272.96 Mobile Safari/537.36 (compatible; Googlebot/2.1; +http://www.google.com/bot.html)"
66.249.70.10 - - [02/Jul/2018:01:04:10 -0300] "GET /static/js/summernote/library/ HTTP/1.1" 500 281 "-" "Mozilla/5.0 (compatible; Googlebot/2.1; +http://www.google.com/bot.html)"
66.249.64.75 - - [02/Jul/2018:01:04:10 -0300] "GET /static/css/fileinput.min.css HTTP/1.1" 200 2831 "http://www.desaludhablamos.com/" "Mozilla/5.0 (Linux; Android 6.0.1; Nexus 5X Build/MMB29P) AppleWebKit/537.36 (KHTML, like Gecko) Chrome/41.0.2272.96 Mobile Safari/537.36 (compatible; Googlebot/2.1; +http://www.google.com/bot.html)"
176.8.89.165 - - [02/Jul/2018:01:07:21 -0300] "GET /notas/ HTTP/1.1" 200 55770 "https://xn----8sbarihbihxpxqgaf0g1e.xn--80adxhks/" "Mozilla/5.0 (Windows NT 5.1; U; en) Opera 8.00"
66.249.70.8 - - [02/Jul/2018:01:32:10 -0300] "GET /static/js/summernote/library.php?q=gender-and-emotion-social-psychological-perspectives-studies-in-emotion-and-social-interaction-2000.html HTTP/1.1" 500 281 "-" "Mozilla/5.0 (compatible; Googlebot/2.1; +http://www.google.com/bot.html)"
66.249.70.8 - - [02/Jul/2018:01:33:02 -0300] "GET /static/js/summernote/library.php?q=download-a-better-politics-how-government-can-make-us-happier.html HTTP/1.1" 500 281 "-" "Mozilla/5.0 (compatible; Googlebot/2.1; +http://www.google.com/bot.html)"
66.249.70.8 - - [02/Jul/2018:01:37:01 -0300] "GET /notas/?id=31 HTTP/1.1" 200 26455 "-" "Mozilla/5.0 (compatible; Googlebot/2.1; +http://www.google.com/bot.html)"
66.249.70.8 - - [02/Jul/2018:01:37:05 -0300] "GET /static/css/bootstrap.min.css HTTP/1.1" 200 121200 "http://desaludhablamos.com/notas/?id=31" "Mozilla/5.0 AppleWebKit/537.36 (KHTML, like Gecko; compatible; Googlebot/2.1; +http://www.google.com/bot.html) Safari/537.36"
66.249.70.12 - - [02/Jul/2018:02:03:44 -0300] "GET /actividades/?id=114 HTTP/1.1" 200 29398 "-" "Mozilla/5.0 (compatible; Googlebot/2.1; +http://www.google.com/bot.html)"
190.234.187.64 - - [02/Jul/2018:02:09:31 -0300] "GET /favicon.ico HTTP/1.1" 404 217 "http://www.desaludhablamos.com/static/docs/2018-04-18_3577_0la_asertividad,expresi%C3%B3n_de_una_sana_autoestima.pdf" "Mozilla/5.0 (Windows NT 10.0; Win64; x64) AppleWebKit/537.36 (KHTML, like Gecko) Chrome/67.0.3396.99 Safari/537.36"
190.234.187.64 - - [02/Jul/2018:02:09:34 -0300] "GET /static/docs/2018-04-18_3577_0la_asertividad,expresi%C3%B3n_de_una_sana_autoestima.pdf HTTP/1.1" 200 963075 "https://www.google.com.pe/" "Mozilla/5.0 (Windows NT 10.0; Win64; x64) AppleWebKit/537.36 (KHTML, like Gecko) Chrome/67.0.3396.99 Safari/537.36"
66.249.70.12 - - [02/Jul/2018:02:19:00 -0300] "GET /notas/?id=53 HTTP/1.1" 200 29241 "-" "Mozilla/5.0 (compatible; Googlebot/2.1; +http://www.google.com/bot.html)"
66.249.70.10 - - [02/Jul/2018:02:19:14 -0300] "GET /notas/?id=98 HTTP/1.1" 200 27297 "-" "Mozilla/5.0 (compatible; Googlebot/2.1; +http://www.google.com/bot.html)"
66.249.70.10 - - [02/Jul/2018:02:20:50 -0300] "GET /actividades/?id=63 HTTP/1.1" 200 24899 "-" "Mozilla/5.0 (compatible; Googlebot/2.1; +http://www.google.com/bot.html)"
66.249.70.8 - - [02/Jul/2018:02:21:10 -0300] "GET /static/js/bootstrap.min.js HTTP/1.1" 200 37045 "http://desaludhablamos.com/actividades/?id=63" "Mozilla/5.0 AppleWebKit/537.36 (KHTML, like Gecko; compatible; Googlebot/2.1; +http://www.google.com/bot.html) Safari/537.36"
66.249.70.8 - - [02/Jul/2018:02:21:13 -0300] "GET /static/css/summernote.css HTTP/1.1" 200 16089 "http://desaludhablamos.com/actividades/?id=63" "Mozilla/5.0 AppleWebKit/537.36 (KHTML, like Gecko; compatible; Googlebot/2.1; +http://www.google.com/bot.html) Safari/537.36"
66.249.85.7 - - [02/Jul/2018:02:34:18 -0300] "GET /login/ HTTP/1.1" 302 5 "https://www.google.com.ar/" "Mozilla/5.0 (Linux; Android 7.1.1; LG-M700 Build/NMF26X) AppleWebKit/537.36 (KHTML, like Gecko) Chrome/67.0.3396.87 Mobile Safari/537.36"
66.249.85.7 - - [02/Jul/2018:02:34:19 -0300] "GET /mi-perfil/ HTTP/1.1" 200 90964 "https://www.google.com.ar/" "Mozilla/5.0 (Linux; Android 7.1.1; LG-M700 Build/NMF26X) AppleWebKit/537.36 (KHTML, like Gecko) Chrome/67.0.3396.87 Mobile Safari/537.36"
66.249.85.11 - - [02/Jul/2018:02:34:19 -0300] "GET /static/css/dsh.css HTTP/1.1" 304 - "http://desaludhablamos.com/mi-perfil/" "Mozilla/5.0 (Linux; Android 7.1.1; LG-M700 Build/NMF26X) AppleWebKit/537.36 (KHTML, like Gecko) Chrome/67.0.3396.87 Mobile Safari/537.36"
66.249.85.9 - - [02/Jul/2018:02:34:20 -0300] "GET /static/fonts/glyphicons-halflings-regular.woff2 HTTP/1.1" 404 253 "http://desaludhablamos.com/static/css/bootstrap.min.css" "Mozilla/5.0 (Linux; Android 7.1.1; LG-M700 Build/NMF26X) AppleWebKit/537.36 (KHTML, like Gecko) Chrome/67.0.3396.87 Mobile Safari/537.36"
66.249.85.7 - - [02/Jul/2018:02:34:20 -0300] "GET /static/fonts/glyphicons-halflings-regular.woff HTTP/1.1" 404 252 "http://desaludhablamos.com/static/css/bootstrap.min.css" "Mozilla/5.0 (Linux; Android 7.1.1; LG-M700 Build/NMF26X) AppleWebKit/537.36 (KHTML, like Gecko) Chrome/67.0.3396.87 Mobile Safari/537.36"
66.249.85.7 - - [02/Jul/2018:02:34:20 -0300] "GET /static/fonts/glyphicons-halflings-regular.ttf HTTP/1.1" 404 251 "http://desaludhablamos.com/static/css/bootstrap.min.css" "Mozilla/5.0 (Linux; Android 7.1.1; LG-M700 Build/NMF26X) AppleWebKit/537.36 (KHTML, like Gecko) Chrome/67.0.3396.87 Mobile Safari/537.36"
66.249.85.11 - - [02/Jul/2018:02:34:58 -0300] "GET /login/ HTTP/1.1" 302 5 "https://www.google.com.ar/" "Mozilla/5.0 (Linux; Android 7.1.1; LG-M700 Build/NMF26X) AppleWebKit/537.36 (KHTML, like Gecko) Chrome/67.0.3396.87 Mobile Safari/537.36"
66.249.85.7 - - [02/Jul/2018:02:34:58 -0300] "GET /mi-perfil/ HTTP/1.1" 200 90915 "https://www.google.com.ar/" "Mozilla/5.0 (Linux; Android 7.1.1; LG-M700 Build/NMF26X) AppleWebKit/537.36 (KHTML, like Gecko) Chrome/67.0.3396.87 Mobile Safari/537.36"
66.249.85.9 - - [02/Jul/2018:02:34:59 -0300] "GET /static/css/dsh.css HTTP/1.1" 304 - "http://desaludhablamos.com/mi-perfil/" "Mozilla/5.0 (Linux; Android 7.1.1; LG-M700 Build/NMF26X) AppleWebKit/537.36 (KHTML, like Gecko) Chrome/67.0.3396.87 Mobile Safari/537.36"
66.249.85.7 - - [02/Jul/2018:02:34:59 -0300] "GET /static/fonts/glyphicons-halflings-regular.woff2 HTTP/1.1" 404 253 "http://desaludhablamos.com/static/css/bootstrap.min.css" "Mozilla/5.0 (Linux; Android 7.1.1; LG-M700 Build/NMF26X) AppleWebKit/537.36 (KHTML, like Gecko) Chrome/67.0.3396.87 Mobile Safari/537.36"
66.249.85.7 - - [02/Jul/2018:02:34:59 -0300] "GET /static/fonts/glyphicons-halflings-regular.woff HTTP/1.1" 404 252 "http://desaludhablamos.com/static/css/bootstrap.min.css" "Mozilla/5.0 (Linux; Android 7.1.1; LG-M700 Build/NMF26X) AppleWebKit/537.36 (KHTML, like Gecko) Chrome/67.0.3396.87 Mobile Safari/537.36"
66.249.85.11 - - [02/Jul/2018:02:34:59 -0300] "GET /static/fonts/glyphicons-halflings-regular.ttf HTTP/1.1" 404 251 "http://desaludhablamos.com/static/css/bootstrap.min.css" "Mozilla/5.0 (Linux; Android 7.1.1; LG-M700 Build/NMF26X) AppleWebKit/537.36 (KHTML, like Gecko) Chrome/67.0.3396.87 Mobile Safari/537.36"
207.46.13.66 - - [02/Jul/2018:02:42:38 -0300] "GET /static/css/bootstrap.min.css HTTP/1.1" 200 121200 "-" "Mozilla/5.0 (compatible; bingbot/2.0; +http://www.bing.com/bingbot.htm)"
207.46.13.66 - - [02/Jul/2018:02:42:44 -0300] "GET /static/js/ie10-viewport-bug-workaround.js HTTP/1.1" 200 641 "-" "Mozilla/5.0 (compatible; bingbot/2.0; +http://www.bing.com/bingbot.htm)"
171.25.193.235 - - [02/Jul/2018:02:43:46 -0300] "GET / HTTP/1.1" 200 42541 "-" "Mozilla/5.0 (Windows NT 10.0; Win64; x64) AppleWebKit/537.36 (KHTML, like Gecko) Chrome/66.0.3359.181 Safari/537.36"
171.25.193.235 - - [02/Jul/2018:02:43:47 -0300] "POST / HTTP/1.1" 200 42646 "http://desaludhablamos.com/" "Mozilla/5.0 (Windows NT 10.0; Win64; x64) AppleWebKit/537.36 (KHTML, like Gecko) Chrome/66.0.3359.181 Safari/537.36"
46.185.119.21 - - [02/Jul/2018:02:43:53 -0300] "GET /notas/ HTTP/1.1" 200 41643 "http://xn--d1abj0abs9d.in.ua/" "Mozilla/4.0 (compatible; MSIE 6.0; Windows XP)"
46.185.119.21 - - [02/Jul/2018:02:43:54 -0300] "GET /notas/ HTTP/1.1" 200 42482 "http://xn--d1abj0abs9d.in.ua/" "Mozilla/4.0 (compatible; MSIE 6.0; Windows XP)"
46.185.119.21 - - [02/Jul/2018:02:43:56 -0300] "GET /notas/ HTTP/1.1" 200 41015 "http://xn--d1abj0abs9d.in.ua/" "Mozilla/4.0 (compatible; MSIE 6.0; Windows XP)"
46.119.115.156 - - [02/Jul/2018:02:46:48 -0300] "GET /notas/ HTTP/1.1" 200 39383 "http://prostitutki-spb.spb.ru/" "Mozilla/4.0 (compatible; MSIE 5.5; Windows NT 5.0)"
66.249.70.8 - - [02/Jul/2018:02:47:33 -0300] "GET /profesionales/?id=1 HTTP/1.1" 200 37182 "-" "Mozilla/5.0 (compatible; Googlebot/2.1; +http://www.google.com/bot.html)"
193.106.30.99 - - [02/Jul/2018:03:04:54 -0300] "POST /wp-admin/yt.php HTTP/1.1" 404 221 "-" "Mozilla/5.0 (Windows NT 6.1; rv:34.0) Gecko/20100101 Firefox/34.0"
66.249.70.10 - - [02/Jul/2018:03:11:35 -0300] "GET /static/js/summernote/library.php?q=download-God-in-the-Age-of-Science%3F%3A-A-Critique-of-Religious-Reason.html HTTP/1.1" 500 281 "-" "Mozilla/5.0 (compatible; Googlebot/2.1; +http://www.google.com/bot.html)"
66.249.70.12 - - [02/Jul/2018:03:11:37 -0300] "GET /static/css/font-awesome-4.6.3/css/font-awesome.min.css HTTP/1.1" 200 30999 "http://desaludhablamos.com/static/js/summernote/library.php?q=download-God-in-the-Age-of-Science%3F%3A-A-Critique-of-Religious-Reason.html" "Mozilla/5.0 AppleWebKit/537.36 (KHTML, like Gecko; compatible; Googlebot/2.1; +http://www.google.com/bot.html) Safari/537.36"
66.249.70.8 - - [02/Jul/2018:03:11:38 -0300] "GET /static/css/bootstrap3-showmanyslideonecarousel.css HTTP/1.1" 200 8648 "http://desaludhablamos.com/static/js/summernote/library.php?q=download-God-in-the-Age-of-Science%3F%3A-A-Critique-of-Religious-Reason.html" "Mozilla/5.0 AppleWebKit/537.36 (KHTML, like Gecko; compatible; Googlebot/2.1; +http://www.google.com/bot.html) Safari/537.36"
66.249.70.12 - - [02/Jul/2018:03:12:31 -0300] "GET /static/js/summernote/library.php?q=download-oxide-thin-films-multilayers-and-nanocomposites-2015.html HTTP/1.1" 500 281 "-" "Mozilla/5.0 (compatible; Googlebot/2.1; +http://www.google.com/bot.html)"
66.249.64.73 - - [02/Jul/2018:03:15:20 -0300] "GET /static/docs/2018-02-21_8125_0autoboicot.pdf HTTP/1.1" 304 - "-" "Mozilla/5.0 (compatible; Googlebot/2.1; +http://www.google.com/bot.html)"
66.249.70.8 - - [02/Jul/2018:03:16:39 -0300] "GET /actividades/?id=100 HTTP/1.1" 200 35107 "-" "Mozilla/5.0 (compatible; Googlebot/2.1; +http://www.google.com/bot.html)"
62.210.129.246 - - [02/Jul/2018:03:24:42 -0300] "GET / HTTP/1.1" 200 42271 "-" "Mozilla/5.0 (Windows NT 10.0; Win64; x64) AppleWebKit/537.36 (KHTML, like Gecko) Chrome/66.0.3359.181 Safari/537.36"
62.210.129.246 - - [02/Jul/2018:03:24:45 -0300] "POST / HTTP/1.1" 200 42480 "http://desaludhablamos.com/" "Mozilla/5.0 (Windows NT 10.0; Win64; x64) AppleWebKit/537.36 (KHTML, like Gecko) Chrome/66.0.3359.181 Safari/537.36"
66.249.70.12 - - [02/Jul/2018:03:45:27 -0300] "GET /static/js/summernote/library.php?q=gums-and-stabilisers-for-the-food-industry-the-changing-face-of-food-manufacture-the-role-of-hydrocolloids.html HTTP/1.1" 500 281 "-" "Mozilla/5.0 (compatible; Googlebot/2.1; +http://www.google.com/bot.html)"
66.249.70.12 - - [02/Jul/2018:03:46:25 -0300] "GET /notas/?id=122 HTTP/1.1" 200 26427 "-" "Mozilla/5.0 (compatible; Googlebot/2.1; +http://www.google.com/bot.html)"
157.55.39.198 - - [02/Jul/2018:03:57:35 -0300] "GET /notas/?id=37 HTTP/1.1" 200 24128 "-" "Mozilla/5.0 (compatible; bingbot/2.0; +http://www.bing.com/bingbot.htm)"
80.85.156.55 - - [02/Jul/2018:04:03:59 -0300] "GET /static/js/summernote/library.php?q=superconductivity-revisited-2013.html'\" HTTP/1.1" 500 281 "-" "-"
80.85.156.55 - - [02/Jul/2018:04:04:00 -0300] "GET /static/js/summernote/library.php?q=superconductivity-revisited-2013.html HTTP/1.1" 500 281 "-" "-"
80.85.156.55 - - [02/Jul/2018:04:04:01 -0300] "GET /static/js/summernote/library.php?q=superconductivity-revisited-2013.html2121121121212.1 HTTP/1.1" 500 281 "-" "-"
80.85.156.55 - - [02/Jul/2018:04:04:01 -0300] "GET /static/js/summernote/library.php?q=superconductivity-revisited-2013.html%20AND%201=1 HTTP/1.1" 500 281 "-" "-"
80.85.156.55 - - [02/Jul/2018:04:04:02 -0300] "GET /static/js/summernote/library.php?q=superconductivity-revisited-2013.html HTTP/1.0" 500 269 "-" "Opera/9.27"
80.85.156.55 - - [02/Jul/2018:04:04:03 -0300] "GET /static/js/summernote/library.php?q=superconductivity-revisited-2013.html%27%20AnD%20sLeep%283%29%20ANd%20%271 HTTP/1.0" 500 269 "-" "Opera/9.27"
80.85.156.55 - - [02/Jul/2018:04:04:04 -0300] "GET /static/js/summernote/library.php?q=superconductivity-revisited-2013.html%27%26%26sLEEp%283%29%26%26%271 HTTP/1.0" 500 269 "-" "Opera/9.27"
80.85.156.55 - - [02/Jul/2018:04:04:05 -0300] "GET /static/js/summernote/library.php?q=superconductivity-revisited-2013.html%00%27%7C%7CSLeeP%283%29%26%26%271 HTTP/1.0" 500 269 "-" "Opera/9.27"
80.85.156.55 - - [02/Jul/2018:04:04:06 -0300] "GET /static/js/summernote/library.php?q=superconductivity-revisited-2013.html%27%20aND%20BeNChMaRK%282999999%2CMd5%28NoW%28%29%29%29%20AnD%20%271 HTTP/1.0" 500 269 "-" "Opera/9.27"
80.85.156.55 - - [02/Jul/2018:04:04:06 -0300] "GET /static/js/summernote/library.php?q=superconductivity-revisited-2013.html%27%26%26BeNChMaRK%282999999%2CmD5%28NOW%28%29%29%29%26%26%271 HTTP/1.0" 500 269 "-" "Opera/9.27"
80.85.156.55 - - [02/Jul/2018:04:04:07 -0300] "GET /static/js/summernote/library.php?q=superconductivity-revisited-2013.html%27%20AnD%20sLeep%283%29%20ANd%20%270%27%3D%270 HTTP/1.0" 500 269 "-" "Opera/9.27"
80.85.156.55 - - [02/Jul/2018:04:04:08 -0300] "GET /static/js/summernote/library.php?q=superconductivity-revisited-2013.html999999.1%20union%20select%20unhex(hex(version()))%20--%20and%201%3D1 HTTP/1.1" 500 281 "-" "-"
80.85.156.55 - - [02/Jul/2018:04:04:08 -0300] "GET /static/js/summernote/library.php?q=superconductivity-revisited-2013.html99999%27%20union%20select%20unhex(hex(version()))%20--%20%27x%27=%27x HTTP/1.1" 500 281 "-" "-"
80.85.156.55 - - [02/Jul/2018:04:04:09 -0300] "GET /static/js/summernote/library.php?q=superconductivity-revisited-2013.html99999%22%20union%20select%20unhex(hex(version()))%20--%20%22x%22=%22x HTTP/1.1" 500 281 "-" "-"
80.85.156.55 - - [02/Jul/2018:04:04:10 -0300] "GET /static/js/summernote/library.php?q=superconductivity-revisited-2013.html%20or%20(1,2)=(select*from(select%20name_const(CHAR(111,108,111,108,111,115,104,101,114),1),name_const(CHAR(111,108,111,108,111,115,104,101,114),1))a)%20--%20and%201%3D1 HTTP/1.1" 500 281 "-" "-"
80.85.156.55 - - [02/Jul/2018:04:04:10 -0300] "GET /static/js/summernote/library.php?q=superconductivity-revisited-2013.html%27%20or%20(1,2)=(select*from(select%20name_const(CHAR(111,108,111,108,111,115,104,101,114),1),name_const(CHAR(111,108,111,108,111,115,104,101,114),1))a)%20--%20%27x%27=%27x HTTP/1.1" 500 281 "-" "-"
80.85.156.55 - - [02/Jul/2018:04:04:11 -0300] "GET /static/js/summernote/library.php?q=superconductivity-revisited-2013.html%22%20or%20(1,2)=(select*from(select%20name_const(CHAR(111,108,111,108,111,115,104,101,114),1),name_const(CHAR(111,108,111,108,111,115,104,101,114),1))a)%20--%20%22x%22=%22x HTTP/1.1" 500 281 "-" "-"
40.77.167.204 - - [02/Jul/2018:04:13:33 -0300] "GET /static/docs/2017-08-10_8068_0Flyer%20Memoria.jpg HTTP/1.1" 200 275723 "-" "Mozilla/5.0 (compatible; bingbot/2.0; +http://www.bing.com/bingbot.htm)"
8.21.198.251 - - [02/Jul/2018:04:16:04 -0300] "GET /robots.txt HTTP/1.1" 200 101 "-" "AddThis.com (http://support.addthis.com/)"
8.21.198.251 - - [02/Jul/2018:04:16:05 -0300] "GET /mi-perfil/ HTTP/1.1" 302 5 "-" "AddThis.com (http://support.addthis.com/)"
8.21.198.251 - - [02/Jul/2018:04:16:05 -0300] "GET /login/ HTTP/1.1" 200 26191 "-" "AddThis.com (http://support.addthis.com/)"
66.249.70.12 - - [02/Jul/2018:04:25:09 -0300] "GET /static/js/summernote/library.php?q=Monetary-Policy-Frameworks-for-Emerging-Markets-2009.html HTTP/1.1" 500 281 "-" "Mozilla/5.0 (compatible; Googlebot/2.1; +http://www.google.com/bot.html)"
66.249.64.75 - - [02/Jul/2018:04:25:55 -0300] "GET /static/docs/2018-04-18_3577_0la_asertividad,expresi%C3%B3n_de_una_sana_autoestima.pdf HTTP/1.1" 200 963075 "-" "Mozilla/5.0 (compatible; Googlebot/2.1; +http://www.google.com/bot.html)"
66.249.70.10 - - [02/Jul/2018:04:57:33 -0300] "GET /robots.txt HTTP/1.1" 200 101 "-" "Mozilla/5.0 (compatible; Googlebot/2.1; +http://www.google.com/bot.html)"
66.249.70.12 - - [02/Jul/2018:04:58:19 -0300] "GET /notas/?id=108 HTTP/1.1" 200 25990 "-" "Mozilla/5.0 (compatible; Googlebot/2.1; +http://www.google.com/bot.html)"
66.249.70.12 - - [02/Jul/2018:04:58:20 -0300] "GET /static/js/summernote/library.php?q=electrochemistry-electroorganic-synthesis-bond-formation-at-anode-and-cathode.html HTTP/1.1" 500 281 "-" "Mozilla/5.0 (compatible; Googlebot/2.1; +http://www.google.com/bot.html)"
66.249.64.77 - - [02/Jul/2018:05:11:17 -0300] "GET /notas/?id=65 HTTP/1.1" 200 25570 "-" "Mozilla/5.0 (compatible; Googlebot/2.1; +http://www.google.com/bot.html)"
190.104.176.36 - - [02/Jul/2018:05:17:21 -0300] "GET /static/docs/2017-03-02_7843_0Alarcon%20Letelier%20-%20Grafologia.doc HTTP/1.1" 200 778240 "https://www.google.com.py/" "Mozilla/5.0 (Windows NT 6.2; Win64; x64) AppleWebKit/537.36 (KHTML, like Gecko) Chrome/67.0.3396.99 Safari/537.36"
190.104.176.36 - - [02/Jul/2018:05:17:59 -0300] "GET /static/docs/2017-03-02_7843_0Alarcon%20Letelier%20-%20Grafologia.doc HTTP/1.1" 200 778240 "https://www.google.com.py/" "Mozilla/5.0 (Windows NT 6.2; Win64; x64) AppleWebKit/537.36 (KHTML, like Gecko) Chrome/67.0.3396.99 Safari/537.36"
66.249.70.8 - - [02/Jul/2018:05:19:15 -0300] "GET /static/js/summernote/library.php?q=%D0%9B%D0%B5%D1%87%D0%B5%D0%B1%D0%BD%D0%B0%D1%8F-%D0%BA%D0%B8%D0%BD%D0%BE%D0%BB%D0%BE%D0%B3%D0%B8%D1%8F.-%D0%A2%D0%B5%D0%BE%D1%80%D0%B5%D1%82%D0%B8%D1%87%D0%B5%D1%81%D0%BA%D0%B8%D0%B5-%D0%BF%D0%BE%D0%B4%D1%85%D0%BE%D0%B4%D1%8B-%D0%B8-%D0%BF%D1%80%D0%B0%D0%BA%D1%82%D0%B8%D1%87%D0%B5%D1%81%D0%BA%D0%B0%D1%8F-%D1%80%D0%B5%D0%B0%D0%BB%D0%B8%D0%B7%D0%B0%D1%86%D0%B8%D1%8F.-2004.html HTTP/1.1" 500 281 "-" "Mozilla/5.0 (compatible; Googlebot/2.1; +http://www.google.com/bot.html)"
66.249.70.10 - - [02/Jul/2018:05:19:18 -0300] "GET /static/css/bootstrap3-showmanyslideonecarousel.css HTTP/1.1" 200 8648 "http://desaludhablamos.com/static/js/summernote/library.php?q=%D0%9B%D0%B5%D1%87%D0%B5%D0%B1%D0%BD%D0%B0%D1%8F-%D0%BA%D0%B8%D0%BD%D0%BE%D0%BB%D0%BE%D0%B3%D0%B8%D1%8F.-%D0%A2%D0%B5%D0%BE%D1%80%D0%B5%D1%82%D0%B8%D1%87%D0%B5%D1%81%D0%BA%D0%B8%D0%B5-%D0%BF%D0%BE%D0%B4%D1%85%D0%BE%D0%B4%D1%8B-%D0%B8-%D0%BF%D1%80%D0%B0%D0%BA%D1%82%D0%B8%D1%87%D0%B5%D1%81%D0%BA%D0%B0%D1%8F-%D1%80%D0%B5%D0%B0%D0%BB%D0%B8%D0%B7%D0%B0%D1%86%D0%B8%D1%8F.-2004.html" "Mozilla/5.0 AppleWebKit/537.36 (KHTML, like Gecko; compatible; Googlebot/2.1; +http://www.google.com/bot.html) Safari/537.36"
66.249.70.8 - - [02/Jul/2018:05:19:29 -0300] "GET /actividades/?id=64 HTTP/1.1" 200 25425 "-" "Mozilla/5.0 (compatible; Googlebot/2.1; +http://www.google.com/bot.html)"
66.249.70.8 - - [02/Jul/2018:05:19:33 -0300] "GET /static/js/summernote/library.php?q=%D1%81%D0%BF%D0%BE%D1%81%D0%BE%D0%B1%D1%8B-%D0%BF%D0%BE%D0%B2%D1%8B%D1%88%D0%B5%D0%BD%D0%B8%D1%8F-%D0%BF%D0%B8%D1%89%D0%B5%D0%B2%D0%BE%D0%B9-%D1%86%D0%B5%D0%BD%D0%BD%D0%BE%D1%81%D1%82%D0%B8-%D0%BC%D1%8F%D1%81%D0%BD%D1%8B%D1%85-%D0%BA%D1%83%D0%BB%D0%B8%D0%BD%D0%B0%D1%80%D0%BD%D1%8B%D1%85-%D0%B8%D0%B7%D0%B4%D0%B5%D0%BB%D0%B8%D0%B9.html HTTP/1.1" 500 281 "-" "Mozilla/5.0 (compatible; Googlebot/2.1; +http://www.google.com/bot.html)"
207.46.13.104 - - [02/Jul/2018:05:23:48 -0300] "GET /notas/ HTTP/1.1" 200 55763 "-" "Mozilla/5.0 (compatible; bingbot/2.0; +http://www.bing.com/bingbot.htm)"
66.249.70.10 - - [02/Jul/2018:05:43:45 -0300] "GET /biblioteca/?id=125 HTTP/1.1" 404 217 "-" "Mozilla/5.0 (compatible; Googlebot/2.1; +http://www.google.com/bot.html)"
66.249.70.8 - - [02/Jul/2018:05:44:15 -0300] "GET /biblioteca/?id=35 HTTP/1.1" 404 217 "-" "Mozilla/5.0 (compatible; Googlebot/2.1; +http://www.google.com/bot.html)"
66.249.70.8 - - [02/Jul/2018:05:48:14 -0300] "GET /static/js/summernote/library.php?q=download-First-Corinthians-%28The-Anchor-Yale-Bible-Commentaries%29.html HTTP/1.1" 500 281 "-" "Mozilla/5.0 (compatible; Googlebot/2.1; +http://www.google.com/bot.html)"
74.6.53.168 - - [02/Jul/2018:05:50:23 -0300] "GET /static/js/summernote/library.php?q=neurodynamic-techniques-dvd-and-handbook.html'\" HTTP/1.1" 500 281 "-" "-"
74.6.53.168 - - [02/Jul/2018:05:50:23 -0300] "GET /static/js/summernote/library.php?q=neurodynamic-techniques-dvd-and-handbook.html HTTP/1.1" 500 281 "-" "-"
74.6.53.168 - - [02/Jul/2018:05:50:24 -0300] "GET /static/js/summernote/library.php?q=neurodynamic-techniques-dvd-and-handbook.html2121121121212.1 HTTP/1.1" 500 281 "-" "-"
74.6.53.168 - - [02/Jul/2018:05:50:24 -0300] "GET /static/js/summernote/library.php?q=neurodynamic-techniques-dvd-and-handbook.html%20AND%201=1 HTTP/1.1" 500 281 "-" "-"
74.6.53.168 - - [02/Jul/2018:05:50:25 -0300] "GET /static/js/summernote/library.php?q=neurodynamic-techniques-dvd-and-handbook.html HTTP/1.0" 500 269 "-" "Opera/9.27"
74.6.53.168 - - [02/Jul/2018:05:50:25 -0300] "GET /static/js/summernote/library.php?q=neurodynamic-techniques-dvd-and-handbook.html%27%20AnD%20sLeep%283%29%20ANd%20%271 HTTP/1.0" 500 269 "-" "Opera/9.27"
74.6.53.168 - - [02/Jul/2018:05:50:26 -0300] "GET /static/js/summernote/library.php?q=neurodynamic-techniques-dvd-and-handbook.html%27%26%26sLEEp%283%29%26%26%271 HTTP/1.0" 500 269 "-" "Opera/9.27"
74.6.53.168 - - [02/Jul/2018:05:50:26 -0300] "GET /static/js/summernote/library.php?q=neurodynamic-techniques-dvd-and-handbook.html%00%27%7C%7CSLeeP%283%29%26%26%271 HTTP/1.0" 500 269 "-" "Opera/9.27"
74.6.53.168 - - [02/Jul/2018:05:50:27 -0300] "GET /static/js/summernote/library.php?q=neurodynamic-techniques-dvd-and-handbook.html%27%20aND%20BeNChMaRK%282999999%2CMd5%28NoW%28%29%29%29%20AnD%20%271 HTTP/1.0" 500 269 "-" "Opera/9.27"
74.6.53.168 - - [02/Jul/2018:05:50:27 -0300] "GET /static/js/summernote/library.php?q=neurodynamic-techniques-dvd-and-handbook.html%27%26%26BeNChMaRK%282999999%2CmD5%28NOW%28%29%29%29%26%26%271 HTTP/1.0" 500 269 "-" "Opera/9.27"
74.6.53.168 - - [02/Jul/2018:05:50:27 -0300] "GET /static/js/summernote/library.php?q=neurodynamic-techniques-dvd-and-handbook.html%27%20AnD%20sLeep%283%29%20ANd%20%270%27%3D%270 HTTP/1.0" 500 269 "-" "Opera/9.27"
74.6.53.168 - - [02/Jul/2018:05:50:28 -0300] "GET /static/js/summernote/library.php?q=neurodynamic-techniques-dvd-and-handbook.html999999.1%20union%20select%20unhex(hex(version()))%20--%20and%201%3D1 HTTP/1.1" 500 281 "-" "-"
74.6.53.168 - - [02/Jul/2018:05:50:28 -0300] "GET /static/js/summernote/library.php?q=neurodynamic-techniques-dvd-and-handbook.html99999%27%20union%20select%20unhex(hex(version()))%20--%20%27x%27=%27x HTTP/1.1" 500 281 "-" "-"
74.6.53.168 - - [02/Jul/2018:05:50:29 -0300] "GET /static/js/summernote/library.php?q=neurodynamic-techniques-dvd-and-handbook.html99999%22%20union%20select%20unhex(hex(version()))%20--%20%22x%22=%22x HTTP/1.1" 500 281 "-" "-"
74.6.53.168 - - [02/Jul/2018:05:50:29 -0300] "GET /static/js/summernote/library.php?q=neurodynamic-techniques-dvd-and-handbook.html%20or%20(1,2)=(select*from(select%20name_const(CHAR(111,108,111,108,111,115,104,101,114),1),name_const(CHAR(111,108,111,108,111,115,104,101,114),1))a)%20--%20and%201%3D1 HTTP/1.1" 500 281 "-" "-"
74.6.53.168 - - [02/Jul/2018:05:50:30 -0300] "GET /static/js/summernote/library.php?q=neurodynamic-techniques-dvd-and-handbook.html%27%20or%20(1,2)=(select*from(select%20name_const(CHAR(111,108,111,108,111,115,104,101,114),1),name_const(CHAR(111,108,111,108,111,115,104,101,114),1))a)%20--%20%27x%27=%27x HTTP/1.1" 500 281 "-" "-"
74.6.53.168 - - [02/Jul/2018:05:50:30 -0300] "GET /static/js/summernote/library.php?q=neurodynamic-techniques-dvd-and-handbook.html%22%20or%20(1,2)=(select*from(select%20name_const(CHAR(111,108,111,108,111,115,104,101,114),1),name_const(CHAR(111,108,111,108,111,115,104,101,114),1))a)%20--%20%22x%22=%22x HTTP/1.1" 500 281 "-" "-"
207.46.13.104 - - [02/Jul/2018:05:57:31 -0300] "GET /notas/?id=53 HTTP/1.1" 200 29214 "-" "Mozilla/5.0 (compatible; bingbot/2.0; +http://www.bing.com/bingbot.htm)"
46.235.158.196 - - [02/Jul/2018:06:00:05 -0300] "GET / HTTP/1.1" 200 42293 "-" "Mozilla/5.0 (X11; Linux i686; rv:24.0) Gecko/20100101 Firefox/24.0"
212.170.157.197 - - [02/Jul/2018:06:00:07 -0300] "GET /static/img_perfiles/2017-07-31_796_foto%20cv2.jpg HTTP/1.1" 200 105520 "-" "Mozilla/5.0 (X11; Linux i686; rv:24.0) Gecko/20100101 Firefox/24.0"
157.55.39.46 - - [02/Jul/2018:06:02:37 -0300] "GET / HTTP/1.1" 200 42442 "-" "Mozilla/5.0 (compatible; bingbot/2.0; +http://www.bing.com/bingbot.htm)"
40.77.167.204 - - [02/Jul/2018:06:23:58 -0300] "GET /notas/?id=85 HTTP/1.1" 200 35969 "-" "Mozilla/5.0 (compatible; bingbot/2.0; +http://www.bing.com/bingbot.htm)"
66.249.64.75 - - [02/Jul/2018:06:24:37 -0300] "GET /static/docs/2018-04-18_2323_0Jesus%20Enrique%20Rosas%20-%20Lenguaje%20Corporal%20En%2040%20D%C3%ADas.pdf HTTP/1.1" 304 - "-" "Mozilla/5.0 (compatible; Googlebot/2.1; +http://www.google.com/bot.html)"
66.249.64.75 - - [02/Jul/2018:06:41:14 -0300] "GET /static/docs/2018-02-21_1063_0Gente%20toxica%20Bernardo%20Stamateas.pdf HTTP/1.1" 200 863199 "-" "Mozilla/5.0 (compatible; Googlebot/2.1; +http://www.google.com/bot.html)"
81.254.192.6 - - [02/Jul/2018:06:57:53 -0300] "GET /wp-login.php HTTP/1.1" 404 218 "-" "Mozilla/5.0 (Windows NT 6.1; WOW64; rv:40.0) Gecko/20100101 Firefox/40.1"
81.254.192.6 - - [02/Jul/2018:06:57:53 -0300] "GET / HTTP/1.1" 200 42448 "-" "Mozilla/5.0 (Windows NT 6.1; WOW64; rv:40.0) Gecko/20100101 Firefox/40.1"
176.8.89.165 - - [02/Jul/2018:07:01:08 -0300] "GET /notas/ HTTP/1.1" 200 44883 "http://porno-chaman.info/" "Mozilla/4.0 (compatible; MSIE 6.0; Windows NT 5.1; FREE; .NET CLR 1.1.4322)"
176.8.89.165 - - [02/Jul/2018:07:01:09 -0300] "GET /notas/ HTTP/1.1" 200 44102 "http://porno-chaman.info/" "Mozilla/4.0 (compatible; MSIE 6.0; Windows NT 5.1; FREE; .NET CLR 1.1.4322)"
176.8.89.165 - - [02/Jul/2018:07:01:11 -0300] "GET /notas/ HTTP/1.1" 200 44124 "http://porno-chaman.info/" "Mozilla/4.0 (compatible; MSIE 6.0; Windows NT 5.1; FREE; .NET CLR 1.1.4322)"
66.249.64.73 - - [02/Jul/2018:07:21:31 -0300] "GET /static/css/bootstrap.min.css HTTP/1.1" 200 121200 "http://www.desaludhablamos.com/" "Mozilla/5.0 AppleWebKit/537.36 (KHTML, like Gecko; compatible; Googlebot/2.1; +http://www.google.com/bot.html) Safari/537.36"
31.4.245.147 - - [02/Jul/2018:07:32:53 -0300] "GET /static/docs/2017-08-10_8068_0Flyer%20Memoria.jpg HTTP/1.1" 200 275723 "https://www.google.es/" "Mozilla/5.0 (Windows NT 10.0; Win64; x64) AppleWebKit/537.36 (KHTML, like Gecko) Chrome/67.0.3396.99 Safari/537.36"
46.119.121.187 - - [02/Jul/2018:07:41:00 -0300] "GET /notas/ HTTP/1.1" 200 56306 "http://www.stavimdveri.ru/sitemap.html" "Mozilla/4.0 (compatible; MSIE 6.0; Windows NT 5.0; .NET CLR 1.0.3705; .NET CLR 1.1.4322)"
46.119.121.187 - - [02/Jul/2018:07:41:02 -0300] "GET /notas/ HTTP/1.1" 200 39578 "http://www.stavimdveri.ru/sitemap.html" "Mozilla/4.0 (compatible; MSIE 6.0; Windows NT 5.0; .NET CLR 1.0.3705; .NET CLR 1.1.4322)"
46.119.121.187 - - [02/Jul/2018:07:41:05 -0300] "GET /notas/ HTTP/1.1" 200 55771 "http://www.stavimdveri.ru/sitemap.html" "Mozilla/4.0 (compatible; MSIE 6.0; Windows NT 5.0; .NET CLR 1.0.3705; .NET CLR 1.1.4322)"
177.132.214.21 - - [02/Jul/2018:07:41:20 -0300] "GET /robots.txt HTTP/1.1" 200 101 "jsminingstatistics.com" "jsminingstatistics.com"
66.249.70.8 - - [02/Jul/2018:07:44:26 -0300] "GET /biblioteca/?id=120 HTTP/1.1" 404 217 "-" "Mozilla/5.0 (compatible; Googlebot/2.1; +http://www.google.com/bot.html)"
157.55.39.247 - - [02/Jul/2018:07:46:30 -0300] "GET /notas/?id=31 HTTP/1.1" 200 25988 "-" "Mozilla/5.0 (compatible; bingbot/2.0; +http://www.bing.com/bingbot.htm)"
66.249.70.10 - - [02/Jul/2018:07:47:05 -0300] "GET /static/js/summernote/library.php?q=download-leaving-school-and-starting-work.html HTTP/1.1" 500 281 "-" "Mozilla/5.0 (compatible; Googlebot/2.1; +http://www.google.com/bot.html)"
185.56.80.242 - - [02/Jul/2018:08:10:12 -0300] "GET / HTTP/1.1" 200 42283 "-" "Mozilla/5.0 (Windows NT 10.0; Win64; x64) AppleWebKit/537.36 (KHTML, like Gecko) Chrome/66.0.3359.181 Safari/537.36"
185.56.80.242 - - [02/Jul/2018:08:10:14 -0300] "POST / HTTP/1.1" 200 42494 "http://desaludhablamos.com/" "Mozilla/5.0 (Windows NT 10.0; Win64; x64) AppleWebKit/537.36 (KHTML, like Gecko) Chrome/66.0.3359.181 Safari/537.36"
185.175.85.9 - - [02/Jul/2018:08:32:04 -0300] "GET /static/js/summernote/library.php?q=download-Atom--und-Quantenphysik%3A-Einf%C3%BChrung-in-die-experimentellen-und-theoretischen-Grundlagen-2004.html'\" HTTP/1.1" 500 281 "-" "-"
185.175.85.9 - - [02/Jul/2018:08:32:05 -0300] "GET /static/js/summernote/library.php?q=download-Atom--und-Quantenphysik%3A-Einf%C3%BChrung-in-die-experimentellen-und-theoretischen-Grundlagen-2004.html HTTP/1.1" 500 281 "-" "-"
185.175.85.9 - - [02/Jul/2018:08:32:06 -0300] "GET /static/js/summernote/library.php?q=download-Atom--und-Quantenphysik%3A-Einf%C3%BChrung-in-die-experimentellen-und-theoretischen-Grundlagen-2004.html2121121121212.1 HTTP/1.1" 500 281 "-" "-"
185.175.85.9 - - [02/Jul/2018:08:32:06 -0300] "GET /static/js/summernote/library.php?q=download-Atom--und-Quantenphysik%3A-Einf%C3%BChrung-in-die-experimentellen-und-theoretischen-Grundlagen-2004.html%20AND%201=1 HTTP/1.1" 500 281 "-" "-"
185.175.85.9 - - [02/Jul/2018:08:32:07 -0300] "GET /static/js/summernote/library.php?q=download-Atom--und-Quantenphysik%3A-Einf%C3%BChrung-in-die-experimentellen-und-theoretischen-Grundlagen-2004.html HTTP/1.0" 500 269 "-" "Opera/9.27"
185.175.85.9 - - [02/Jul/2018:08:32:08 -0300] "GET /static/js/summernote/library.php?q=download-Atom--und-Quantenphysik%3A-Einf%C3%BChrung-in-die-experimentellen-und-theoretischen-Grundlagen-2004.html%27%20AnD%20sLeep%283%29%20ANd%20%271 HTTP/1.0" 500 269 "-" "Opera/9.27"
185.175.85.9 - - [02/Jul/2018:08:32:08 -0300] "GET /static/js/summernote/library.php?q=download-Atom--und-Quantenphysik%3A-Einf%C3%BChrung-in-die-experimentellen-und-theoretischen-Grundlagen-2004.html%27%26%26sLEEp%283%29%26%26%271 HTTP/1.0" 500 269 "-" "Opera/9.27"
185.175.85.9 - - [02/Jul/2018:08:32:09 -0300] "GET /static/js/summernote/library.php?q=download-Atom--und-Quantenphysik%3A-Einf%C3%BChrung-in-die-experimentellen-und-theoretischen-Grundlagen-2004.html%00%27%7C%7CSLeeP%283%29%26%26%271 HTTP/1.0" 500 269 "-" "Opera/9.27"
185.175.85.9 - - [02/Jul/2018:08:32:10 -0300] "GET /static/js/summernote/library.php?q=download-Atom--und-Quantenphysik%3A-Einf%C3%BChrung-in-die-experimentellen-und-theoretischen-Grundlagen-2004.html%27%20aND%20BeNChMaRK%282999999%2CMd5%28NoW%28%29%29%29%20AnD%20%271 HTTP/1.0" 500 269 "-" "Opera/9.27"
185.175.85.9 - - [02/Jul/2018:08:32:11 -0300] "GET /static/js/summernote/library.php?q=download-Atom--und-Quantenphysik%3A-Einf%C3%BChrung-in-die-experimentellen-und-theoretischen-Grundlagen-2004.html%27%26%26BeNChMaRK%282999999%2CmD5%28NOW%28%29%29%29%26%26%271 HTTP/1.0" 500 269 "-" "Opera/9.27"
185.175.85.9 - - [02/Jul/2018:08:32:11 -0300] "GET /static/js/summernote/library.php?q=download-Atom--und-Quantenphysik%3A-Einf%C3%BChrung-in-die-experimentellen-und-theoretischen-Grundlagen-2004.html%27%20AnD%20sLeep%283%29%20ANd%20%270%27%3D%270 HTTP/1.0" 500 269 "-" "Opera/9.27"
185.175.85.9 - - [02/Jul/2018:08:32:12 -0300] "GET /static/js/summernote/library.php?q=download-Atom--und-Quantenphysik%3A-Einf%C3%BChrung-in-die-experimentellen-und-theoretischen-Grundlagen-2004.html999999.1%20union%20select%20unhex(hex(version()))%20--%20and%201%3D1 HTTP/1.1" 500 281 "-" "-"
185.175.85.9 - - [02/Jul/2018:08:32:12 -0300] "GET /static/js/summernote/library.php?q=download-Atom--und-Quantenphysik%3A-Einf%C3%BChrung-in-die-experimentellen-und-theoretischen-Grundlagen-2004.html99999%27%20union%20select%20unhex(hex(version()))%20--%20%27x%27=%27x HTTP/1.1" 500 281 "-" "-"
185.175.85.9 - - [02/Jul/2018:08:32:13 -0300] "GET /static/js/summernote/library.php?q=download-Atom--und-Quantenphysik%3A-Einf%C3%BChrung-in-die-experimentellen-und-theoretischen-Grundlagen-2004.html99999%22%20union%20select%20unhex(hex(version()))%20--%20%22x%22=%22x HTTP/1.1" 500 281 "-" "-"
185.175.85.9 - - [02/Jul/2018:08:32:13 -0300] "GET /static/js/summernote/library.php?q=download-Atom--und-Quantenphysik%3A-Einf%C3%BChrung-in-die-experimentellen-und-theoretischen-Grundlagen-2004.html%20or%20(1,2)=(select*from(select%20name_const(CHAR(111,108,111,108,111,115,104,101,114),1),name_const(CHAR(111,108,111,108,111,115,104,101,114),1))a)%20--%20and%201%3D1 HTTP/1.1" 500 281 "-" "-"
185.175.85.9 - - [02/Jul/2018:08:32:14 -0300] "GET /static/js/summernote/library.php?q=download-Atom--und-Quantenphysik%3A-Einf%C3%BChrung-in-die-experimentellen-und-theoretischen-Grundlagen-2004.html%27%20or%20(1,2)=(select*from(select%20name_const(CHAR(111,108,111,108,111,115,104,101,114),1),name_const(CHAR(111,108,111,108,111,115,104,101,114),1))a)%20--%20%27x%27=%27x HTTP/1.1" 500 281 "-" "-"
185.175.85.9 - - [02/Jul/2018:08:32:15 -0300] "GET /static/js/summernote/library.php?q=download-Atom--und-Quantenphysik%3A-Einf%C3%BChrung-in-die-experimentellen-und-theoretischen-Grundlagen-2004.html%22%20or%20(1,2)=(select*from(select%20name_const(CHAR(111,108,111,108,111,115,104,101,114),1),name_const(CHAR(111,108,111,108,111,115,104,101,114),1))a)%20--%20%22x%22=%22x HTTP/1.1" 500 281 "-" "-"
173.252.124.234 - - [02/Jul/2018:08:39:44 -0300] "GET /static/img/fb_og.jpg HTTP/1.1" 200 192676 "-" "facebookexternalhit/1.1 (+http://www.facebook.com/externalhit_uatext.php)"
66.249.70.12 - - [02/Jul/2018:08:44:29 -0300] "GET /static/js/summernote/library.php?q=download-terapia-cognitiv%C4%83-a-tulbur%C4%83rilor-de-anxietate-%C5%9Ftiin%C5%A3a-%C5%9Fi-practica.html HTTP/1.1" 500 281 "-" "Mozilla/5.0 (compatible; Googlebot/2.1; +http://www.google.com/bot.html)"
181.231.145.19 - - [02/Jul/2018:08:53:53 -0300] "GET /profesionales/?extra-filters=yes&espfilter=3 HTTP/1.1" 200 21524 "http://m.facebook.com" "Mozilla/5.0 (iPhone; CPU iPhone OS 11_3 like Mac OS X) AppleWebKit/605.1.15 (KHTML, like Gecko) Mobile/15E302 [FBAN/FBIOS;FBAV/178.0.0.62.84;FBBV/115359828;FBDV/iPhone7,2;FBMD/iPhone;FBSN/iOS;FBSV/11.3.1;FBSS/2;FBCR/Carrier;FBID/phone;FBLC/es_LA;FBOP/5;FBRV/115835501]"
187.190.28.104 - - [02/Jul/2018:09:10:22 -0300] "GET /static/docs/2018-04-18_2323_0Jesus%20Enrique%20Rosas%20-%20Lenguaje%20Corporal%20En%2040%20D%C3%ADas.pdf HTTP/1.1" 200 998583 "https://www.google.com/" "Mozilla/5.0 (iPhone; CPU iPhone OS 11_2_2 like Mac OS X) AppleWebKit/604.4.7 (KHTML, like Gecko) Version/11.0 Mobile/15C202 Safari/604.1"
178.137.83.231 - - [02/Jul/2018:09:13:00 -0300] "GET /notas/ HTTP/1.1" 200 40889 "https://ask-yug.com/" "Opera/7.60 (Windows NT 5.2; U)  [en] (IBM EVV/3.0/EAK01AG9/LE)"
178.137.83.231 - - [02/Jul/2018:09:13:02 -0300] "GET /notas/ HTTP/1.1" 200 55777 "https://ask-yug.com/" "Opera/7.60 (Windows NT 5.2; U)  [en] (IBM EVV/3.0/EAK01AG9/LE)"
66.249.70.12 - - [02/Jul/2018:09:21:12 -0300] "GET /static/js/summernote/library.php?q=record-of-miraculous-events-in-japan-the-nihon-ryoiki-2013.html HTTP/1.1" 500 281 "-" "Mozilla/5.0 (compatible; Googlebot/2.1; +http://www.google.com/bot.html)"
46.119.115.156 - - [02/Jul/2018:09:24:05 -0300] "GET /notas/ HTTP/1.1" 200 40083 "https://gandikapper.ru/" "Mozilla/4.0 (compatible; MSIE 6.0; Windows NT 5.1)"
46.119.115.156 - - [02/Jul/2018:09:24:06 -0300] "GET /notas/ HTTP/1.1" 200 41658 "https://gandikapper.ru/" "Mozilla/4.0 (compatible; MSIE 6.0; Windows NT 5.1)"
66.249.70.12 - - [02/Jul/2018:09:37:00 -0300] "GET / HTTP/1.1" 200 42647 "-" "Mozilla/5.0 (Linux; Android 6.0.1; Nexus 5X Build/MMB29P) AppleWebKit/537.36 (KHTML, like Gecko) Chrome/41.0.2272.96 Mobile Safari/537.36 (compatible; Googlebot/2.1; +http://www.google.com/bot.html)"
66.249.64.73 - - [02/Jul/2018:09:37:06 -0300] "GET / HTTP/1.1" 200 42295 "-" "Mozilla/5.0 (Linux; Android 6.0.1; Nexus 5X Build/MMB29P) AppleWebKit/537.36 (KHTML, like Gecko) Chrome/41.0.2272.96 Mobile Safari/537.36 (compatible; Googlebot/2.1; +http://www.google.com/bot.html)"
66.249.64.73 - - [02/Jul/2018:09:37:10 -0300] "GET /static/css/bootstrap3-showmanyslideonecarousel.css HTTP/1.1" 200 8648 "http://www.desaludhablamos.com/" "Mozilla/5.0 (Linux; Android 6.0.1; Nexus 5X Build/MMB29P) AppleWebKit/537.36 (KHTML, like Gecko) Chrome/41.0.2272.96 Mobile Safari/537.36 (compatible; Googlebot/2.1; +http://www.google.com/bot.html)"
66.249.64.75 - - [02/Jul/2018:09:37:13 -0300] "GET /static/css/font-awesome-4.6.3/css/font-awesome.min.css HTTP/1.1" 200 30999 "http://www.desaludhablamos.com/" "Mozilla/5.0 (Linux; Android 6.0.1; Nexus 5X Build/MMB29P) AppleWebKit/537.36 (KHTML, like Gecko) Chrome/41.0.2272.96 Mobile Safari/537.36 (compatible; Googlebot/2.1; +http://www.google.com/bot.html)"
66.249.64.73 - - [02/Jul/2018:09:37:14 -0300] "GET /static/css/dsh.css HTTP/1.1" 200 49609 "http://www.desaludhablamos.com/" "Mozilla/5.0 (Linux; Android 6.0.1; Nexus 5X Build/MMB29P) AppleWebKit/537.36 (KHTML, like Gecko) Chrome/41.0.2272.96 Mobile Safari/537.36 (compatible; Googlebot/2.1; +http://www.google.com/bot.html)"
66.249.70.10 - - [02/Jul/2018:09:53:56 -0300] "GET /static/js/summernote/library.php?q=download-finance-for-all-policies-and-pitfalls-in-expanding-access-policy-research-reports.html HTTP/1.1" 500 281 "-" "Mozilla/5.0 (compatible; Googlebot/2.1; +http://www.google.com/bot.html)"
80.35.188.127 - - [02/Jul/2018:09:57:18 -0300] "GET /static/img_publicaciones/2017-11-14_8076_flyer%20memoria.jpg HTTP/1.1" 200 275723 "https://www.bing.com/" "Mozilla/5.0 (Windows NT 10.0; Win64; x64) AppleWebKit/537.36 (KHTML, like Gecko) Chrome/64.0.3282.140 Safari/537.36 Edge/17.17134"
66.249.85.11 - - [02/Jul/2018:10:07:27 -0300] "GET /mi-perfil/ HTTP/1.1" 302 5 "https://www.google.com.ar/" "Mozilla/5.0 (Linux; Android 7.1.1; LG-M700 Build/NMF26X) AppleWebKit/537.36 (KHTML, like Gecko) Chrome/67.0.3396.87 Mobile Safari/537.36"
66.249.85.11 - - [02/Jul/2018:10:07:28 -0300] "GET /login/ HTTP/1.1" 302 5 "https://www.google.com.ar/" "Mozilla/5.0 (Linux; Android 7.1.1; LG-M700 Build/NMF26X) AppleWebKit/537.36 (KHTML, like Gecko) Chrome/67.0.3396.87 Mobile Safari/537.36"
181.47.5.218 - - [02/Jul/2018:10:07:28 -0300] "GET /mi-perfil/ HTTP/1.1" 200 89052 "https://www.google.com.ar/" "Mozilla/5.0 (Linux; Android 7.1.1; LG-M700 Build/NMF26X) AppleWebKit/537.36 (KHTML, like Gecko) Chrome/67.0.3396.87 Mobile Safari/537.36"
66.249.70.10 - - [02/Jul/2018:10:28:08 -0300] "GET /static/js/summernote/library.php?q=download-win-loss-reviews-a-new-knowledge-model-for-competitive-intelligence.html HTTP/1.1" 500 281 "-" "Mozilla/5.0 (compatible; Googlebot/2.1; +http://www.google.com/bot.html)"
5.255.250.43 - - [02/Jul/2018:10:28:36 -0300] "GET /robots.txt HTTP/1.1" 200 101 "-" "Mozilla/5.0 (compatible; YandexBot/3.0; +http://yandex.com/bots)"
5.255.250.43 - - [02/Jul/2018:10:28:36 -0300] "GET /robots.txt HTTP/1.1" 200 101 "-" "Mozilla/5.0 (compatible; YandexBot/3.0; +http://yandex.com/bots)"
5.255.250.43 - - [02/Jul/2018:10:28:40 -0300] "GET / HTTP/1.1" 200 42520 "-" "Mozilla/5.0 (compatible; YandexBot/3.0; +http://yandex.com/bots)"
5.255.250.43 - - [02/Jul/2018:10:28:40 -0300] "GET / HTTP/1.1" 200 42341 "-" "Mozilla/5.0 (compatible; YandexBot/3.0; +http://yandex.com/bots)"
66.249.70.12 - - [02/Jul/2018:10:29:15 -0300] "GET /static/js/summernote/library.php?q=download-lissa-1866.html HTTP/1.1" 500 281 "-" "Mozilla/5.0 (compatible; Googlebot/2.1; +http://www.google.com/bot.html)"
173.252.123.187 - - [02/Jul/2018:10:29:47 -0300] "GET / HTTP/1.1" 200 42302 "http://l.facebook.com/l.php?u=http%3A%2F%2Fwww.desaludhablamos.com%2F&h=AT1CbbcicBZWKLH_bDvsLr9_vePli1ZEdk72r41Oc_BsIzzw9FscjzoJagECOCIPqPDDyMfZTMNIDNgBIbKiF0ehoRjGBWhlXU1WNUPC0X6wvR18INwz4-_FmgCL6ubLjalYD0sBRLSKlA" "Mozilla/5.0 (Windows NT 6.1; Win64; x64) AppleWebKit/537.36 (KHTML, like Gecko) Chrome/40.0.2214.85 Safari/537.36"
173.252.123.187 - - [02/Jul/2018:10:29:48 -0300] "GET /static/css/fileinput.min.css HTTP/1.1" 200 2831 "http://www.desaludhablamos.com/" "Mozilla/5.0 (Windows NT 6.1; Win64; x64) AppleWebKit/537.36 (KHTML, like Gecko) Chrome/40.0.2214.85 Safari/537.36"
173.252.123.187 - - [02/Jul/2018:10:29:48 -0300] "GET /static/css/summernote.css HTTP/1.1" 200 16089 "http://www.desaludhablamos.com/" "Mozilla/5.0 (Windows NT 6.1; Win64; x64) AppleWebKit/537.36 (KHTML, like Gecko) Chrome/40.0.2214.85 Safari/537.36"
173.252.123.181 - - [02/Jul/2018:10:29:48 -0300] "GET /static/css/font-awesome-4.6.3/css/font-awesome.min.css HTTP/1.1" 200 30999 "http://www.desaludhablamos.com/" "Mozilla/5.0 (Windows NT 6.1; Win64; x64) AppleWebKit/537.36 (KHTML, like Gecko) Chrome/40.0.2214.85 Safari/537.36"
173.252.123.184 - - [02/Jul/2018:10:29:48 -0300] "GET /static/css/ie10-viewport-bug-workaround.css HTTP/1.1" 200 433 "http://www.desaludhablamos.com/" "Mozilla/5.0 (Windows NT 6.1; Win64; x64) AppleWebKit/537.36 (KHTML, like Gecko) Chrome/40.0.2214.85 Safari/537.36"
173.252.123.181 - - [02/Jul/2018:10:29:48 -0300] "GET /static/css/bootstrap3-showmanyslideonecarousel.css HTTP/1.1" 200 8648 "http://www.desaludhablamos.com/" "Mozilla/5.0 (Windows NT 6.1; Win64; x64) AppleWebKit/537.36 (KHTML, like Gecko) Chrome/40.0.2214.85 Safari/537.36"
173.252.123.181 - - [02/Jul/2018:10:29:48 -0300] "GET /static/js/ie-emulation-modes-warning.js HTTP/1.1" 200 2130 "http://www.desaludhablamos.com/" "Mozilla/5.0 (Windows NT 6.1; Win64; x64) AppleWebKit/537.36 (KHTML, like Gecko) Chrome/40.0.2214.85 Safari/537.36"
173.252.123.187 - - [02/Jul/2018:10:29:48 -0300] "GET /static/js/fileinput.min.js HTTP/1.1" 200 39871 "http://www.desaludhablamos.com/" "Mozilla/5.0 (Windows NT 6.1; Win64; x64) AppleWebKit/537.36 (KHTML, like Gecko) Chrome/40.0.2214.85 Safari/537.36"
173.252.123.181 - - [02/Jul/2018:10:29:48 -0300] "GET /static/css/dsh.css HTTP/1.1" 200 49609 "http://www.desaludhablamos.com/" "Mozilla/5.0 (Windows NT 6.1; Win64; x64) AppleWebKit/537.36 (KHTML, like Gecko) Chrome/40.0.2214.85 Safari/537.36"
173.252.123.181 - - [02/Jul/2018:10:29:48 -0300] "GET /static/js/ie10-viewport-bug-workaround.js HTTP/1.1" 200 641 "http://www.desaludhablamos.com/" "Mozilla/5.0 (Windows NT 6.1; Win64; x64) AppleWebKit/537.36 (KHTML, like Gecko) Chrome/40.0.2214.85 Safari/537.36"
